[preview.iwedding.info/index1cdc.html]
[backblue.gif]
[fade.gif]
[index.html]
[cdn.biihappy.com/ziiweb/website/61990349db8f76231c132068/88b6d6c5cb36ccd3725c92f0e0b3d89b.jpg]
[preview.iwedding.info/index.html]
[preview.iwedding.info/templates/template15/css/libsa6e0.css]
[preview.iwedding.info/common/calendara6e0.css]
[preview.iwedding.info/templates/template15/css/stylea6e0.css]
[preview.iwedding.info/common/fonts/fontsa6e0.css]
[cdn.biihappy.com/ziiweb/default/website/3b48bc6125ce6d186297a3e90a11085e.jpg]
[cdn.biihappy.com/ziiweb/default/website/59b631f29bfb9f7cd20437d27ddbe4db.jpg]
[cdn.biihappy.com/ziiweb/images/static/common/wishes.png]
[preview.iwedding.info/rsvp.html]
[cdn.biihappy.com/ziiweb/images/static/common/rsvp4.png]
[cdn.biihappy.com/ziiweb/images/static/common/money_bag.png]
[cdn.biihappy.com/ziiweb/default/template/6174ef83a62963738e0a367c/f35716003ab48d57adf77b616c32daaf.jpg]
[cdn.biihappy.com/ziiweb/website/61990349db8f76231c132068/0f99c255f7aa7714d366ebde51c86d53.jpg]
[cdn.biihappy.com/ziiweb/website/61990349db8f76231c132068/be48dcf2522cd4ecfa7dab2dd4ebd3f9.jpg]
[cdn.biihappy.com/ziiweb/website/61990349db8f76231c132068/d2d08234dd0ece24828f396fa243a1ec.jpg]
[cdn.biihappy.com/ziiweb/website/61990349db8f76231c132068/d37c077f9ad6b076bc531b2d6ba44498.jpg]
[cdn.biihappy.com/ziiweb/default/template/6174ef83a62963738e0a367c/95c640880776793781cf577ef7fbf1f8.jpg]
[cdn.biihappy.com/ziiweb/website/61990349db8f76231c132068/45dfd859dd184042e2a6adaa320ac64b.jpg]
[cdn.biihappy.com/ziiweb/website/61990349db8f76231c132068/8f7155409bf9ebdb9dffd7a38991aaa8.jpg]
[cdn.biihappy.com/ziiweb/website/61990349db8f76231c132068/83d8a5c840b51447ab080ecb9a7de6df.jpg]
[cdn.biihappy.com/ziiweb/website/61990349db8f76231c132068/194d4b3c58f61adb4931a8a00a4fa019.jpg]
[cdn.biihappy.com/ziiweb/default/website/galleries/61990296d7e97a1853119579/small.jpg]
[cdn.biihappy.com/ziiweb/default/website/galleries/619902a5f7c65c763d2ef0e2/small.jpg]
[cdn.biihappy.com/ziiweb/default/website/galleries/619902a0d5c0e352ac024b43/small.jpg]
[cdn.biihappy.com/ziiweb/default/website/galleries/61990322c41d7b37de534633/small.jpg]
[cdn.biihappy.com/ziiweb/default/website/galleries/6199029c1ca1d308fe5da284/small.jpg]
[cdn.biihappy.com/ziiweb/default/website/galleries/61990291c41d7b37de534632/small.jpg]
[cdn.biihappy.com/ziiweb/default/website/galleries/6199028d8d8a4918ca205514/small.jpg]
[cdn.biihappy.com/ziiweb/default/website/galleries/6199028adb8f76231c132062/small.jpg]
[cdn.biihappy.com/ziiweb/default/website/galleries/61990285d5c0e352ac024b42/small.jpg]
[cdn.biihappy.com/ziiweb/default/website/galleries/619902821ca1d308fe5da283/small.jpg]
[cdn.biihappy.com/ziiweb/default/website/galleries/6199027ed7e97a1853119578/small.jpg]
[cdn.biihappy.com/ziiweb/website/61990349db8f76231c132068/fa1780c6fe429eff4f2d564d6fbaff98.jpg]
[cdn.biihappy.com/ziiweb/website/61990349db8f76231c132068/84729db4c190b37df0a2cdcedba3f9b2.jpg]
[cdn.biihappy.com/ziiweb/website/61990349db8f76231c132068/0a6cfab9e637b586cec8724825f99d9e.jpg]
[cdn.biihappy.com/ziiweb/website/61990349db8f76231c132068/7411475c6f639d4457ef1ea26ce09ee2.jpg]
[cdn.biihappy.com/ziiweb/website/61990349db8f76231c132068/49bc348db7eb284d9fc249b9d958893b.jpg]
[s2.coinmarketcap.com/static/img/coins/64x64/1.png]
[s2.coinmarketcap.com/static/img/coins/64x64/1027.png]
[s2.coinmarketcap.com/static/img/coins/64x64/825.png]
[s2.coinmarketcap.com/static/img/coins/64x64/18852.png]
[cdn.biihappy.com/ziiweb/website/61990349db8f76231c132068/24343a45a211dedc5b1b0b57300eaba9.jpg]
[s2.coinmarketcap.com/static/img/coins/64x64/1839.png]
[s2.coinmarketcap.com/static/img/coins/64x64/5805.png]
[preview.iwedding.info/templates/template15/js/jquery-plugin-collectiona6e0.js]
[preview.iwedding.info/templates/template15/js/scripta6e0.js]
[preview.iwedding.info/common/calendara6e0.js]
[preview.iwedding.info/common/biia6e0.js]
[preview.iwedding.info/common/emoji-picker/js/insertTextAtCursora6e0.js]
[preview.iwedding.info/index1cdc.html]
[preview.iwedding.info/common/emoji-picker/js/inita6e0.js]
[preview.iwedding.info/templates/template19/images/fav_touch_icons/manifest.json]
[preview.iwedding.info/templates/template19/css/bootstrap.mina6e0.css]
[preview.iwedding.info/templates/template19/css/libsa6e0.css]
[preview.iwedding.info/templates/template19/css/fontawesome-all.mina6e0.css]
[preview.iwedding.info/templates/template19/css/neela-icon-seta6e0.css]
[preview.iwedding.info/templates/template19/css/owl.carousel.mina6e0.css]
[preview.iwedding.info/templates/template19/css/stylea6e0.css]
[cdn.biihappy.com/ziiweb/default/template/644000ba4f8e0c7ddf09c709/d22ce318c91e96e35328d63da2364702.jpg]
[cdn.biihappy.com/ziiweb/default/template/644000ba4f8e0c7ddf09c709/10896c191ff2008ed9d07a3ed53616e4.jpg]
[cdn.biihappy.com/ziiweb/default/template/644000ba4f8e0c7ddf09c709/d4f33748bf87fde12d34aa8146e57b4c.jpg]
[cdn.biihappy.com/ziiweb/default/template/644000ba4f8e0c7ddf09c709/f948a8ba806986c08dd4ce1d6e9f8066.jpg]
[cdn.biihappy.com/ziiweb/default/template/644000ba4f8e0c7ddf09c709/98b3fc1637903e6b4265215b475fe2ad.jpg]
[cdn.biihappy.com/ziiweb/default/template/644000ba4f8e0c7ddf09c709/30a82e72a3e877ce778fa5da70d857a1.jpg]
[cdn.biihappy.com/ziiweb/default/template/644000ba4f8e0c7ddf09c709/1f6f6347c9eec78781d536c34c177bb8.jpg]
[cdn.biihappy.com/ziiweb/default/template/644000ba4f8e0c7ddf09c709/b0ccc21579cf9df6a113314b039ec33e.jpg]
[preview.iwedding.info/templates/template19/js/jquery-plugin-collectiona6e0.js]
[preview.iwedding.info/templates/template19/js/variablesa6e0.js]
[preview.iwedding.info/templates/template19/js/scriptsa6e0.js]
[preview.iwedding.info/index.html]
[preview.iwedding.info/templates/template19/js/template.settingsa6e0.js]
[preview.iwedding.info/templates/template15/fonts/themify9f249f24.eot]
[preview.iwedding.info/templates/template15/fonts/themifyd41dd41d.eot]
[preview.iwedding.info/templates/template15/fonts/themify9f249f24.woff]
[preview.iwedding.info/templates/template15/fonts/themify9f249f24.ttf]
[preview.iwedding.info/templates/template15/fonts/themify9f249f24.svg]
[preview.iwedding.info/templates/template15/fonts/Flaticon.eot]
[preview.iwedding.info/templates/template15/fonts/Flaticond41dd41d.eot]
[preview.iwedding.info/templates/template15/fonts/Flaticon.woff2]
[preview.iwedding.info/templates/template15/fonts/Flaticon.woff]
[preview.iwedding.info/templates/template15/fonts/Flaticon.ttf]
[preview.iwedding.info/templates/template15/fonts/Flaticon.svg]
[preview.iwedding.info/templates/template15/fonts/glyphicons-halflings-regular.eot]
[preview.iwedding.info/templates/template15/fonts/glyphicons-halflings-regulard41dd41d.eot]
[preview.iwedding.info/templates/template15/fonts/glyphicons-halflings-regular.woff2]
[preview.iwedding.info/templates/template15/fonts/glyphicons-halflings-regular.woff]
[preview.iwedding.info/templates/template15/fonts/glyphicons-halflings-regular.ttf]
[preview.iwedding.info/templates/template15/fonts/glyphicons-halflings-regular.svg]
[preview.iwedding.info/templates/template15/css/owl.video.play.html]
[preview.iwedding.info/templates/template15/images/ajax-loader.gif]
[preview.iwedding.info/templates/template15/fonts/slick.eot]
[preview.iwedding.info/templates/template15/fonts/slickd41dd41d.eot]
[preview.iwedding.info/templates/template15/fonts/slick.woff]
[preview.iwedding.info/templates/template15/fonts/slick.ttf]
[preview.iwedding.info/templates/template15/fonts/slick.svg]
[preview.iwedding.info/templates/template15/images/fancybox/fancybox_sprite.png]
[preview.iwedding.info/templates/template15/images/fancybox/fancybox_loading.gif]
[preview.iwedding.info/templates/template15/images/fancybox/blank.gif]
[preview.iwedding.info/templates/template15/images/fancybox/fancybox_overlay.png]
[preview.iwedding.info/templates/template15/images/fancybox/fancybox_sprite@2x.png]
[preview.iwedding.info/templates/template15/images/fancybox/fancybox_loading@2x.gif]
[preview.iwedding.info/templates/template15/fonts/lgd641.eot]
[preview.iwedding.info/templates/template15/css/fonts/lgd41d.eot]
[preview.iwedding.info/templates/template15/fonts/lgd641.woff]
[preview.iwedding.info/templates/template15/fonts/lgd641.ttf]
[preview.iwedding.info/templates/template15/fonts/lgd641.svg]
[preview.iwedding.info/templates/template15/img/vimeo-play.png]
[preview.iwedding.info/templates/template15/img/video-play.png]
[preview.iwedding.info/templates/template15/img/youtube-play.png]
[preview.iwedding.info/templates/template15/images/loading.gif]
[preview.iwedding.info/templates/template15/css/libsa6e0.css]
[preview.iwedding.info/common/calendara6e0.css]
[preview.iwedding.info/templates/template15/images/sec-title-flower.png]
[preview.iwedding.info/templates/template15/images/select-icon.png]
[preview.iwedding.info/templates/template15/images/slider/slide-1.jpg]
[preview.iwedding.info/templates/template15/images/slider/hero-women.png]
[preview.iwedding.info/templates/template15/images/slider/shape.png]
[preview.iwedding.info/templates/template15/images/slider/slide-2.jpg]
[preview.iwedding.info/templates/template15/images/flower-pattern-3.png]
[preview.iwedding.info/templates/template15/images/flower-pattern-4.png]
[preview.iwedding.info/templates/template15/images/footer-shape.png]
[preview.iwedding.info/templates/template15/images/footer-couple-pic-frame.png]
[preview.iwedding.info/templates/template15/images/invitation-left-img.png]
[preview.iwedding.info/templates/template15/images/invitation-right-image.png]
[preview.iwedding.info/templates/template15/images/rsvp-flower.png]
[preview.iwedding.info/templates/template15/images/event-bg.jpg]
[preview.iwedding.info/templates/template15/images/find-book-flower.png]
[preview.iwedding.info/templates/template15/images/pricing-header-bg.png]
[preview.iwedding.info/templates/template15/images/bg.png]
[cdn.biihappy.com/ziiweb/images/static/common/searchicon.png]
[preview.iwedding.info/templates/template15/css/stylea6e0.css]
[preview.iwedding.info/common/fonts/dancingscript-regular.woff2]
[preview.iwedding.info/common/fonts/dancingscript-regular.woff]
[preview.iwedding.info/common/fonts/dancingscript-bold.woff2]
[preview.iwedding.info/common/fonts/comfortaa-bold.woff2]
[preview.iwedding.info/common/fonts/dancingscript-bold.woff]
[preview.iwedding.info/common/fonts/comfortaa-bold.woff]
[preview.iwedding.info/common/fonts/comfortaa-light.woff2]
[preview.iwedding.info/common/fonts/comfortaa-light.woff]
[preview.iwedding.info/common/fonts/comfortaa-regular.woff2]
[preview.iwedding.info/common/fonts/comfortaa-regular.woff]
[preview.iwedding.info/common/fonts/patrickhand-regular.woff2]
[preview.iwedding.info/common/fonts/patrickhand-regular.woff]
[preview.iwedding.info/common/fonts/prata-regular.woff2]
[preview.iwedding.info/common/fonts/prata-regular.woff]
[preview.iwedding.info/common/fonts/pacifico-regular.woff2]
[preview.iwedding.info/common/fonts/pacifico-regular.woff]
[preview.iwedding.info/common/fonts/UVN_Buc_Thu.ttf]
[preview.iwedding.info/common/fonts/SVN-Miller-Banner.ttf]
[preview.iwedding.info/common/fonts/fontsa6e0.css]
[cdn.jsdelivr.net/npm/bootstrap@5.2.0/dist/css/bootstrap.min.css]
[preview.iwedding.info/album/heart.gif]
[preview.iwedding.info/rsvp.html]
[preview.iwedding.info/templates/template19/css/bootstrap.mina6e0.css]
[preview.iwedding.info/rsvp-template/script7625.js]
[preview.iwedding.info/templates/template19/images/fancybox/fancybox_sprite.png]
[preview.iwedding.info/templates/template19/images/fancybox/fancybox_loading.gif]
[preview.iwedding.info/templates/template19/images/fancybox/blank.gif]
[preview.iwedding.info/templates/template19/images/fancybox/fancybox_overlay.png]
[preview.iwedding.info/templates/template19/images/fancybox/fancybox_sprite@2x.png]
[preview.iwedding.info/templates/template19/images/fancybox/fancybox_loading@2x.gif]
[preview.iwedding.info/templates/template19/webfonts/lgd641.eot]
[preview.iwedding.info/templates/template19/css/webfonts/lgd41d.eot]
[preview.iwedding.info/templates/template19/webfonts/lgd641.woff]
[preview.iwedding.info/templates/template19/webfonts/lgd641.ttf]
[preview.iwedding.info/templates/template19/webfonts/lgd641.svg]
[preview.iwedding.info/templates/template19/img/vimeo-play.png]
[preview.iwedding.info/templates/template19/img/video-play.png]
[preview.iwedding.info/templates/template19/img/youtube-play.png]
[preview.iwedding.info/templates/template19/images/loading.gif]
[preview.iwedding.info/templates/template19/css/libsa6e0.css]
[preview.iwedding.info/templates/template19/webfonts/fa-brands-400.eot]
[preview.iwedding.info/templates/template19/webfonts/fa-brands-400d41dd41d.eot]
[preview.iwedding.info/templates/template19/webfonts/fa-brands-400.woff2]
[preview.iwedding.info/templates/template19/webfonts/fa-brands-400.woff]
[preview.iwedding.info/templates/template19/webfonts/fa-brands-400.ttf]
[preview.iwedding.info/templates/template19/webfonts/fa-brands-400.svg]
[preview.iwedding.info/templates/template19/webfonts/fa-regular-400.eot]
[preview.iwedding.info/templates/template19/webfonts/fa-regular-400d41dd41d.eot]
[preview.iwedding.info/templates/template19/webfonts/fa-regular-400.woff2]
[preview.iwedding.info/templates/template19/webfonts/fa-regular-400.woff]
[preview.iwedding.info/templates/template19/webfonts/fa-regular-400.ttf]
[preview.iwedding.info/templates/template19/webfonts/fa-regular-400.svg]
[preview.iwedding.info/templates/template19/webfonts/fa-solid-900.eot]
[preview.iwedding.info/templates/template19/webfonts/fa-solid-900d41dd41d.eot]
[preview.iwedding.info/templates/template19/webfonts/fa-solid-900.woff2]
[preview.iwedding.info/templates/template19/webfonts/fa-solid-900.woff]
[preview.iwedding.info/templates/template19/webfonts/fa-solid-900.ttf]
[preview.iwedding.info/templates/template19/css/fontawesome-all.mina6e0.css]
[preview.iwedding.info/templates/template19/webfonts/fa-solid-900.svg]
[preview.iwedding.info/templates/template19/webfonts/neela-icon-set.eot]
[preview.iwedding.info/templates/template19/webfonts/neela-icon-setd41dd41d.eot]
[preview.iwedding.info/templates/template19/webfonts/neela-icon-set.woff]
[preview.iwedding.info/templates/template19/webfonts/neela-icon-set.ttf]
[preview.iwedding.info/templates/template19/css/neela-icon-seta6e0.css]
[preview.iwedding.info/templates/template19/webfonts/neela-icon-set.svg]
[preview.iwedding.info/templates/template19/css/owl.carousel.mina6e0.css]
[preview.iwedding.info/templates/template19/css/owl.video.play.html]
[preview.iwedding.info/templates/template19/images/our-story-background-img.jpg]
[preview.iwedding.info/templates/template19/images/our-story-background-img@2x.jpg]
[preview.iwedding.info/templates/template19/images/invitation-background.jpg]
[preview.iwedding.info/templates/template19/images/invitation-background@2x.jpg]
[preview.iwedding.info/templates/template19/images/bridesmaids-background.jpg]
[preview.iwedding.info/templates/template19/images/bridesmaids-background@2x.jpg]
[preview.iwedding.info/templates/template19/images/groomsmen-background.jpg]
[preview.iwedding.info/templates/template19/images/groomsmen-background@2x.jpg]
[preview.iwedding.info/templates/template19/images/gift-background-img.jpg]
[preview.iwedding.info/templates/template19/images/gift-background-img@2x.jpg]
[preview.iwedding.info/templates/template19/images/menu.jpg]
[preview.iwedding.info/templates/template19/images/menu@2x.jpg]
[preview.iwedding.info/templates/template19/images/gallery-img3.jpg]
[preview.iwedding.info/templates/template19/images/gallery-img3@2x.html]
[preview.iwedding.info/templates/template19/images/neela-pattern.png]
[preview.iwedding.info/templates/template19/images/flower-large.svg]
[preview.iwedding.info/templates/template19/images/flower-medium.svg]
[preview.iwedding.info/templates/template19/images/flower-small.svg]
[preview.iwedding.info/templates/template19/images/flower-large-light.svg]
[preview.iwedding.info/templates/template19/css/stylea6e0.css]
[preview.iwedding.info/templates/template15/fonts/themify9f249f24.svg]
[preview.iwedding.info/templates/template15/fonts/Flaticon.svg]
[preview.iwedding.info/templates/template15/fonts/glyphicons-halflings-regular.svg]
[preview.iwedding.info/templates/template15/css/owl.video.play.html]
[preview.iwedding.info/templates/template15/fonts/slick.svg]
[preview.iwedding.info/templates/template15/css/fonts/lgd41d.html]
[preview.iwedding.info/templates/template15/fonts/lgd641.svg]
[preview.iwedding.info/templates/template15/img/vimeo-play.html]
[preview.iwedding.info/templates/template15/img/video-play.html]
[preview.iwedding.info/templates/template15/img/youtube-play.html]
[cdn.jsdelivr.net/npm/bootstrap@5.2.0/dist/css/bootstrap.min.css]
[preview.iwedding.info/templates/template19/css/webfonts/lgd41d.html]
[preview.iwedding.info/templates/template19/webfonts/lgd641.svg]
[preview.iwedding.info/templates/template19/img/vimeo-play.html]
[preview.iwedding.info/templates/template19/img/video-play.html]
[preview.iwedding.info/templates/template19/img/youtube-play.html]
[preview.iwedding.info/templates/template19/webfonts/fa-brands-400.svg]
[preview.iwedding.info/templates/template19/webfonts/fa-regular-400.svg]
[preview.iwedding.info/templates/template19/webfonts/fa-solid-900.svg]
[preview.iwedding.info/templates/template19/webfonts/neela-icon-set.svg]
[preview.iwedding.info/templates/template19/css/owl.video.play.html]
[preview.iwedding.info/templates/template19/images/gallery-img3@2x.html]
[preview.iwedding.info/templates/template19/images/flower-large.svg]
[preview.iwedding.info/templates/template19/images/flower-medium.svg]
[preview.iwedding.info/templates/template19/images/flower-small.svg]
[preview.iwedding.info/templates/template19/images/flower-large-light.svg]
[preview.iwedding.info/templates/template19/images/flower-large-dark.svg]
[preview.iwedding.info/templates/template19/images/flower-large-dark.svg]
